******************************************************************************
                  TI ARM Linker PC v18.12.1                    
******************************************************************************
>> Linked Mon Aug 19 18:35:36 2019

OUTPUT FILE NAME:   <Tiva_SPI_Nokia_ADXL345.out>
ENTRY POINT SYMBOL: "_c_int00_noinit_noargs"  address: 00000785


MEMORY CONFIGURATION

         name            origin    length      used     unused   attr    fill
----------------------  --------  ---------  --------  --------  ----  --------
  FLASH                 00000000   00040000  00000964  0003f69c  R  X
  SRAM                  20000000   00008000  00000320  00007ce0  RW X


SEGMENT ALLOCATION MAP

run origin  load origin   length   init length attrs members
----------  ----------- ---------- ----------- ----- -------
00000000    00000000    00000964   00000964    r-x
  00000000    00000000    0000026c   0000026c    r-- .intvecs
  0000026c    0000026c    000005fc   000005fc    r-x .text
  00000868    00000868    000000fc   000000fc    r-- .const
20000000    20000000    00000320   00000000    rw-
  20000000    20000000    00000320   00000000    rw- .stack


SECTION ALLOCATION MAP

 output                                  attributes/
section   page    origin      length       input sections
--------  ----  ----------  ----------   ----------------
.intvecs   0    00000000    0000026c     
                  00000000    0000026c     tm4c123gh6pm_startup_ccs.obj (.intvecs)

.text      0    0000026c    000005fc     
                  0000026c    00000132     driverlib.lib : gpio.obj (.text:GPIOPadConfigSet)
                  0000039e    00000002     --HOLE-- [fill = 0]
                  000003a0    00000110                   : sysctl.obj (.text:SysCtlClockGet)
                  000004b0    000000f4                   : sysctl.obj (.text:SysCtlClockSet)
                  000005a4    000000a4     TIVA_spi.obj (.text)
                  00000648    0000004c     main.obj (.text)
                  00000694    00000048     driverlib.lib : gpio.obj (.text:GPIOPinConfigure)
                  000006dc    0000003c                   : ssi.obj (.text:SSIConfigSetExpClk)
                  00000718    00000038                   : sysctl.obj (.text:SysCtlPeripheralReady)
                  00000750    00000034                   : sysctl.obj (.text:SysCtlPeripheralEnable)
                  00000784    0000002c     rtsv7M4_T_le_v4SPD16_eabi.lib : boot_cortex_m.c.obj (.text:_c_int00_noinit_noargs:_c_int00_noinit_noargs)
                  000007b0    0000002a     driverlib.lib : gpio.obj (.text:GPIODirModeSet)
                  000007da    00000018                   : gpio.obj (.text:GPIOPinTypeGPIOOutput)
                  000007f2    00000012                   : gpio.obj (.text:GPIOPinTypeSSI)
                  00000804    00000012                   : ssi.obj (.text:SSIDataGetNonBlocking)
                  00000816    0000000c                   : ssi.obj (.text:SSIDataGet)
                  00000822    0000000c     tm4c123gh6pm_startup_ccs.obj (.text)
                  0000082e    0000000a     driverlib.lib : ssi.obj (.text:SSIDataPut)
                  00000838    0000000a                   : ssi.obj (.text:SSIDisable)
                  00000842    0000000a                   : ssi.obj (.text:SSIEnable)
                  0000084c    00000008                   : ssi.obj (.text:SSIBusy)
                  00000854    00000006                   : gpio.obj (.text:GPIOPinWrite)
                  0000085a    00000006                   : sysctl.obj (.text:SysCtlDelay)
                  00000860    00000004     rtsv7M4_T_le_v4SPD16_eabi.lib : pre_init.c.obj (.text:_system_pre_init)
                  00000864    00000004                                   : exit.c.obj (.text:abort:abort)

.const     0    00000868    000000fc     
                  00000868    00000090     driverlib.lib : gpio.obj (.const:g_pui32GPIOBaseAddrs)
                  000008f8    0000006c                   : sysctl.obj (.const:g_pui32Xtals)

.cinit     0    00000000    00000000     UNINITIALIZED

.init_array 
*          0    00000000    00000000     UNINITIALIZED

.stack     0    20000000    00000320     UNINITIALIZED
                  20000000    00000004     rtsv7M4_T_le_v4SPD16_eabi.lib : boot_cortex_m.c.obj (.stack)
                  20000004    0000031c     --HOLE--

MODULE SUMMARY

       Module                         code   ro data   rw data
       ------                         ----   -------   -------
    .\
       tm4c123gh6pm_startup_ccs.obj   12     620       0      
       TIVA_spi.obj                   164    0         0      
       main.obj                       76     0         0      
    +--+------------------------------+------+---------+---------+
       Total:                         252    620       0      
                                                              
    C:/MyData/TivaWare_C_Series-2.1.4.178/driverlib/ccs/Debug/driverlib.lib
       sysctl.obj                     630    108       0      
       gpio.obj                       468    144       0      
       ssi.obj                        128    0         0      
    +--+------------------------------+------+---------+---------+
       Total:                         1226   252       0      
                                                              
    C:\ti\ccs900\ccs\tools\compiler\ti-cgt-arm_18.12.1.LTS\lib\rtsv7M4_T_le_v4SPD16_eabi.lib
       boot_cortex_m.c.obj            44     0         0      
       exit.c.obj                     4      0         0      
       pre_init.c.obj                 4      0         0      
    +--+------------------------------+------+---------+---------+
       Total:                         52     0         0      
                                                              
       Stack:                         0      0         800    
    +--+------------------------------+------+---------+---------+
       Grand Total:                   1530   872       800    


GLOBAL SYMBOLS: SORTED ALPHABETICALLY BY Name 

address   name                  
-------   ----                  
00000865  C$$EXIT               
000007b1  GPIODirModeSet        
0000026d  GPIOPadConfigSet      
00000695  GPIOPinConfigure      
000007db  GPIOPinTypeGPIOOutput 
000007f3  GPIOPinTypeSSI        
00000855  GPIOPinWrite          
00000823  ResetISR              
0000084d  SSIBusy               
000006dd  SSIConfigSetExpClk    
00000817  SSIDataGet            
00000805  SSIDataGetNonBlocking 
0000082f  SSIDataPut            
00000839  SSIDisable            
00000843  SSIEnable             
000003a1  SysCtlClockGet        
000004b1  SysCtlClockSet        
0000085b  SysCtlDelay           
00000751  SysCtlPeripheralEnable
00000719  SysCtlPeripheralReady 
20000320  __STACK_END           
00000320  __STACK_SIZE          
20000200  __STACK_TOP           
ffffffff  __TI_pprof_out_hndl   
ffffffff  __TI_prof_data_size   
ffffffff  __TI_prof_data_start  
00000000  __TI_static_base__    
ffffffff  __binit__             
ffffffff  __c_args__            
UNDEFED   __mpu_init            
20000000  __stack               
00000785  _c_int00_noinit_noargs
00000861  _system_pre_init      
00000865  abort                 
ffffffff  binit                 
00000000  g_pfnVectors          
000005a5  initSPI3              
00000649  main                  


GLOBAL SYMBOLS: SORTED BY Symbol Address 

address   name                  
-------   ----                  
00000000  __TI_static_base__    
00000000  g_pfnVectors          
0000026d  GPIOPadConfigSet      
00000320  __STACK_SIZE          
000003a1  SysCtlClockGet        
000004b1  SysCtlClockSet        
000005a5  initSPI3              
00000649  main                  
00000695  GPIOPinConfigure      
000006dd  SSIConfigSetExpClk    
00000719  SysCtlPeripheralReady 
00000751  SysCtlPeripheralEnable
00000785  _c_int00_noinit_noargs
000007b1  GPIODirModeSet        
000007db  GPIOPinTypeGPIOOutput 
000007f3  GPIOPinTypeSSI        
00000805  SSIDataGetNonBlocking 
00000817  SSIDataGet            
00000823  ResetISR              
0000082f  SSIDataPut            
00000839  SSIDisable            
00000843  SSIEnable             
0000084d  SSIBusy               
00000855  GPIOPinWrite          
0000085b  SysCtlDelay           
00000861  _system_pre_init      
00000865  C$$EXIT               
00000865  abort                 
20000000  __stack               
20000200  __STACK_TOP           
20000320  __STACK_END           
ffffffff  __TI_pprof_out_hndl   
ffffffff  __TI_prof_data_size   
ffffffff  __TI_prof_data_start  
ffffffff  __binit__             
ffffffff  __c_args__            
ffffffff  binit                 
UNDEFED   __mpu_init            

[38 symbols]
