******************************************************************************
                  TI ARM Linker PC v18.12.1                    
******************************************************************************
>> Linked Sun Aug 11 09:02:17 2019

OUTPUT FILE NAME:   <Tiva_SPI_Nokia_ADXL345.out>
ENTRY POINT SYMBOL: "_c_int00_noinit_noargs"  address: 000004b9


MEMORY CONFIGURATION

         name            origin    length      used     unused   attr    fill
----------------------  --------  ---------  --------  --------  ----  --------
  FLASH                 00000000   00040000  00000578  0003fa88  R  X
  SRAM                  20000000   00008000  00000200  00007e00  RW X


SEGMENT ALLOCATION MAP

run origin  load origin   length   init length attrs members
----------  ----------- ---------- ----------- ----- -------
00000000    00000000    00000578   00000578    r-x
  00000000    00000000    0000026c   0000026c    r-- .intvecs
  0000026c    0000026c    000002a0   000002a0    r-x .text
  0000050c    0000050c    0000006c   0000006c    r-- .const
20000000    20000000    00000200   00000000    rw-
  20000000    20000000    00000200   00000000    rw- .stack


SECTION ALLOCATION MAP

 output                                  attributes/
section   page    origin      length       input sections
--------  ----  ----------  ----------   ----------------
.intvecs   0    00000000    0000026c     
                  00000000    0000026c     tm4c123gh6pm_startup_ccs.obj (.intvecs)

.text      0    0000026c    000002a0     
                  0000026c    00000110     driverlib.lib : sysctl.obj (.text:SysCtlClockGet)
                  0000037c    00000094     main.obj (.text)
                  00000410    0000003c     driverlib.lib : ssi.obj (.text:SSIConfigSetExpClk)
                  0000044c    00000038                   : sysctl.obj (.text:SysCtlPeripheralReady)
                  00000484    00000034                   : sysctl.obj (.text:SysCtlPeripheralEnable)
                  000004b8    0000002c     rtsv7M4_T_le_v4SPD16_eabi.lib : boot_cortex_m.c.obj (.text:_c_int00_noinit_noargs:_c_int00_noinit_noargs)
                  000004e4    0000000c     tm4c123gh6pm_startup_ccs.obj (.text)
                  000004f0    0000000a     driverlib.lib : ssi.obj (.text:SSIDataPut)
                  000004fa    0000000a                   : ssi.obj (.text:SSIEnable)
                  00000504    00000004     rtsv7M4_T_le_v4SPD16_eabi.lib : pre_init.c.obj (.text:_system_pre_init)
                  00000508    00000004                                   : exit.c.obj (.text:abort:abort)

.const     0    0000050c    0000006c     
                  0000050c    0000006c     driverlib.lib : sysctl.obj (.const:g_pui32Xtals)

.cinit     0    00000000    00000000     UNINITIALIZED

.init_array 
*          0    00000000    00000000     UNINITIALIZED

.stack     0    20000000    00000200     UNINITIALIZED
                  20000000    00000004     rtsv7M4_T_le_v4SPD16_eabi.lib : boot_cortex_m.c.obj (.stack)
                  20000004    000001fc     --HOLE--

MODULE SUMMARY

       Module                         code   ro data   rw data
       ------                         ----   -------   -------
    .\
       tm4c123gh6pm_startup_ccs.obj   12     620       0      
       main.obj                       148    0         0      
    +--+------------------------------+------+---------+---------+
       Total:                         160    620       0      
                                                              
    C:/MyData/TivaWare_C_Series-2.1.4.178/driverlib/ccs/Debug/driverlib.lib
       sysctl.obj                     380    108       0      
       ssi.obj                        80     0         0      
    +--+------------------------------+------+---------+---------+
       Total:                         460    108       0      
                                                              
    C:\ti\ccs900\ccs\tools\compiler\ti-cgt-arm_18.12.1.LTS\lib\rtsv7M4_T_le_v4SPD16_eabi.lib
       boot_cortex_m.c.obj            44     0         0      
       exit.c.obj                     4      0         0      
       pre_init.c.obj                 4      0         0      
    +--+------------------------------+------+---------+---------+
       Total:                         52     0         0      
                                                              
       Stack:                         0      0         512    
    +--+------------------------------+------+---------+---------+
       Grand Total:                   672    728       512    


GLOBAL SYMBOLS: SORTED ALPHABETICALLY BY Name 

address   name                  
-------   ----                  
00000509  C$$EXIT               
000004e5  ResetISR              
00000411  SSIConfigSetExpClk    
000004f1  SSIDataPut            
000004fb  SSIEnable             
0000026d  SysCtlClockGet        
00000485  SysCtlPeripheralEnable
0000044d  SysCtlPeripheralReady 
20000200  __STACK_END           
00000200  __STACK_SIZE          
20000200  __STACK_TOP           
ffffffff  __TI_pprof_out_hndl   
ffffffff  __TI_prof_data_size   
ffffffff  __TI_prof_data_start  
00000000  __TI_static_base__    
ffffffff  __binit__             
ffffffff  __c_args__            
UNDEFED   __mpu_init            
20000000  __stack               
000004b9  _c_int00_noinit_noargs
00000505  _system_pre_init      
00000509  abort                 
ffffffff  binit                 
00000000  g_pfnVectors          
0000037d  main                  


GLOBAL SYMBOLS: SORTED BY Symbol Address 

address   name                  
-------   ----                  
00000000  __TI_static_base__    
00000000  g_pfnVectors          
00000200  __STACK_SIZE          
0000026d  SysCtlClockGet        
0000037d  main                  
00000411  SSIConfigSetExpClk    
0000044d  SysCtlPeripheralReady 
00000485  SysCtlPeripheralEnable
000004b9  _c_int00_noinit_noargs
000004e5  ResetISR              
000004f1  SSIDataPut            
000004fb  SSIEnable             
00000505  _system_pre_init      
00000509  C$$EXIT               
00000509  abort                 
20000000  __stack               
20000200  __STACK_END           
20000200  __STACK_TOP           
ffffffff  __TI_pprof_out_hndl   
ffffffff  __TI_prof_data_size   
ffffffff  __TI_prof_data_start  
ffffffff  __binit__             
ffffffff  __c_args__            
ffffffff  binit                 
UNDEFED   __mpu_init            

[25 symbols]
