<?xml version="1.0" encoding="ISO-8859-1" ?>
<link_info>
   <banner>TI ARM Linker PC v18.12.1.LTS</banner>
   <copyright>Copyright (c) 1996-2018 Texas Instruments Incorporated</copyright>
   <link_time>0x5d5b2438</link_time>
   <link_errors>0x0</link_errors>
   <output_file>Tiva_SPI_Nokia_ADXL345.out</output_file>
   <entry_point>
      <name>_c_int00_noinit_noargs</name>
      <address>0x785</address>
   </entry_point>
   <input_file_list>
      <input_file id="fl-2">
         <path>.\</path>
         <kind>object</kind>
         <file>TIVA_spi.obj</file>
         <name>TIVA_spi.obj</name>
      </input_file>
      <input_file id="fl-3">
         <path>.\</path>
         <kind>object</kind>
         <file>main.obj</file>
         <name>main.obj</name>
      </input_file>
      <input_file id="fl-4">
         <path>.\</path>
         <kind>object</kind>
         <file>tm4c123gh6pm_startup_ccs.obj</file>
         <name>tm4c123gh6pm_startup_ccs.obj</name>
      </input_file>
      <input_file id="fl-9">
         <kind>object</kind>
         <file>&lt;internal&gt;</file>
         <name>&lt;internal&gt;</name>
      </input_file>
      <input_file id="fl-a">
         <path>C:\MyData\TivaWare_C_Series-2.1.4.178\driverlib\ccs\Debug\</path>
         <kind>archive</kind>
         <file>driverlib.lib</file>
         <name>gpio.obj</name>
      </input_file>
      <input_file id="fl-b">
         <path>C:\MyData\TivaWare_C_Series-2.1.4.178\driverlib\ccs\Debug\</path>
         <kind>archive</kind>
         <file>driverlib.lib</file>
         <name>interrupt.obj</name>
      </input_file>
      <input_file id="fl-c">
         <path>C:\MyData\TivaWare_C_Series-2.1.4.178\driverlib\ccs\Debug\</path>
         <kind>archive</kind>
         <file>driverlib.lib</file>
         <name>ssi.obj</name>
      </input_file>
      <input_file id="fl-d">
         <path>C:\MyData\TivaWare_C_Series-2.1.4.178\driverlib\ccs\Debug\</path>
         <kind>archive</kind>
         <file>driverlib.lib</file>
         <name>sysctl.obj</name>
      </input_file>
      <input_file id="fl-e">
         <path>C:\MyData\TivaWare_C_Series-2.1.4.178\driverlib\ccs\Debug\</path>
         <kind>archive</kind>
         <file>driverlib.lib</file>
         <name>cpu.obj</name>
      </input_file>
      <input_file id="fl-c4">
         <path>C:\ti\ccs900\ccs\tools\compiler\ti-cgt-arm_18.12.1.LTS\lib\</path>
         <kind>archive</kind>
         <file>rtsv7M4_T_le_v4SPD16_eabi.lib</file>
         <name>copy_zero_init.c.obj</name>
      </input_file>
      <input_file id="fl-c5">
         <path>C:\ti\ccs900\ccs\tools\compiler\ti-cgt-arm_18.12.1.LTS\lib\</path>
         <kind>archive</kind>
         <file>rtsv7M4_T_le_v4SPD16_eabi.lib</file>
         <name>copy_decompress_none.c.obj</name>
      </input_file>
      <input_file id="fl-c6">
         <path>C:\ti\ccs900\ccs\tools\compiler\ti-cgt-arm_18.12.1.LTS\lib\</path>
         <kind>archive</kind>
         <file>rtsv7M4_T_le_v4SPD16_eabi.lib</file>
         <name>copy_decompress_lzss.c.obj</name>
      </input_file>
      <input_file id="fl-c7">
         <path>C:\ti\ccs900\ccs\tools\compiler\ti-cgt-arm_18.12.1.LTS\lib\</path>
         <kind>archive</kind>
         <file>rtsv7M4_T_le_v4SPD16_eabi.lib</file>
         <name>boot_cortex_m.c.obj</name>
      </input_file>
      <input_file id="fl-c8">
         <path>C:\ti\ccs900\ccs\tools\compiler\ti-cgt-arm_18.12.1.LTS\lib\</path>
         <kind>archive</kind>
         <file>rtsv7M4_T_le_v4SPD16_eabi.lib</file>
         <name>memcpy_t2.asm.obj</name>
      </input_file>
      <input_file id="fl-c9">
         <path>C:\ti\ccs900\ccs\tools\compiler\ti-cgt-arm_18.12.1.LTS\lib\</path>
         <kind>archive</kind>
         <file>rtsv7M4_T_le_v4SPD16_eabi.lib</file>
         <name>memset_t2.asm.obj</name>
      </input_file>
      <input_file id="fl-ca">
         <path>C:\ti\ccs900\ccs\tools\compiler\ti-cgt-arm_18.12.1.LTS\lib\</path>
         <kind>archive</kind>
         <file>rtsv7M4_T_le_v4SPD16_eabi.lib</file>
         <name>autoinit.c.obj</name>
      </input_file>
      <input_file id="fl-cb">
         <path>C:\ti\ccs900\ccs\tools\compiler\ti-cgt-arm_18.12.1.LTS\lib\</path>
         <kind>archive</kind>
         <file>rtsv7M4_T_le_v4SPD16_eabi.lib</file>
         <name>pre_init.c.obj</name>
      </input_file>
      <input_file id="fl-cc">
         <path>C:\ti\ccs900\ccs\tools\compiler\ti-cgt-arm_18.12.1.LTS\lib\</path>
         <kind>archive</kind>
         <file>rtsv7M4_T_le_v4SPD16_eabi.lib</file>
         <name>cpy_tbl.c.obj</name>
      </input_file>
      <input_file id="fl-cd">
         <path>C:\ti\ccs900\ccs\tools\compiler\ti-cgt-arm_18.12.1.LTS\lib\</path>
         <kind>archive</kind>
         <file>rtsv7M4_T_le_v4SPD16_eabi.lib</file>
         <name>exit.c.obj</name>
      </input_file>
      <input_file id="fl-ce">
         <path>C:\ti\ccs900\ccs\tools\compiler\ti-cgt-arm_18.12.1.LTS\lib\</path>
         <kind>archive</kind>
         <file>rtsv7M4_T_le_v4SPD16_eabi.lib</file>
         <name>_lock.c.obj</name>
      </input_file>
      <input_file id="fl-cf">
         <path>C:\ti\ccs900\ccs\tools\compiler\ti-cgt-arm_18.12.1.LTS\lib\</path>
         <kind>archive</kind>
         <file>rtsv7M4_T_le_v4SPD16_eabi.lib</file>
         <name>args_main.c.obj</name>
      </input_file>
   </input_file_list>
   <object_component_list>
      <object_component id="oc-f">
         <name>.intvecs</name>
         <load_address>0x0</load_address>
         <run_address>0x0</run_address>
         <size>0x26c</size>
         <input_file_ref idref="fl-4"/>
      </object_component>
      <object_component id="oc-1a2">
         <name>.text:GPIOPadConfigSet</name>
         <load_address>0x26c</load_address>
         <run_address>0x26c</run_address>
         <size>0x132</size>
         <input_file_ref idref="fl-a"/>
      </object_component>
      <object_component id="oc-cb">
         <name>.text:SysCtlClockGet</name>
         <load_address>0x3a0</load_address>
         <run_address>0x3a0</run_address>
         <size>0x110</size>
         <input_file_ref idref="fl-d"/>
      </object_component>
      <object_component id="oc-c5">
         <name>.text:SysCtlClockSet</name>
         <load_address>0x4b0</load_address>
         <run_address>0x4b0</run_address>
         <size>0xf4</size>
         <input_file_ref idref="fl-d"/>
      </object_component>
      <object_component id="oc-d1">
         <name>.text</name>
         <load_address>0x5a4</load_address>
         <run_address>0x5a4</run_address>
         <size>0xa4</size>
         <input_file_ref idref="fl-2"/>
      </object_component>
      <object_component id="oc-98">
         <name>.text</name>
         <load_address>0x648</load_address>
         <run_address>0x648</run_address>
         <size>0x4c</size>
         <input_file_ref idref="fl-3"/>
      </object_component>
      <object_component id="oc-14e">
         <name>.text:GPIOPinConfigure</name>
         <load_address>0x694</load_address>
         <run_address>0x694</run_address>
         <size>0x48</size>
         <input_file_ref idref="fl-a"/>
      </object_component>
      <object_component id="oc-160">
         <name>.text:SSIConfigSetExpClk</name>
         <load_address>0x6dc</load_address>
         <run_address>0x6dc</run_address>
         <size>0x3c</size>
         <input_file_ref idref="fl-c"/>
      </object_component>
      <object_component id="oc-13c">
         <name>.text:SysCtlPeripheralReady</name>
         <load_address>0x718</load_address>
         <run_address>0x718</run_address>
         <size>0x38</size>
         <input_file_ref idref="fl-d"/>
      </object_component>
      <object_component id="oc-136">
         <name>.text:SysCtlPeripheralEnable</name>
         <load_address>0x750</load_address>
         <run_address>0x750</run_address>
         <size>0x34</size>
         <input_file_ref idref="fl-d"/>
      </object_component>
      <object_component id="oc-50">
         <name>.text:_c_int00_noinit_noargs:_c_int00_noinit_noargs</name>
         <load_address>0x784</load_address>
         <run_address>0x784</run_address>
         <size>0x2c</size>
         <input_file_ref idref="fl-c7"/>
      </object_component>
      <object_component id="oc-1a8">
         <name>.text:GPIODirModeSet</name>
         <load_address>0x7b0</load_address>
         <run_address>0x7b0</run_address>
         <size>0x2a</size>
         <input_file_ref idref="fl-a"/>
      </object_component>
      <object_component id="oc-142">
         <name>.text:GPIOPinTypeGPIOOutput</name>
         <load_address>0x7da</load_address>
         <run_address>0x7da</run_address>
         <size>0x18</size>
         <input_file_ref idref="fl-a"/>
      </object_component>
      <object_component id="oc-154">
         <name>.text:GPIOPinTypeSSI</name>
         <load_address>0x7f2</load_address>
         <run_address>0x7f2</run_address>
         <size>0x12</size>
         <input_file_ref idref="fl-a"/>
      </object_component>
      <object_component id="oc-16c">
         <name>.text:SSIDataGetNonBlocking</name>
         <load_address>0x804</load_address>
         <run_address>0x804</run_address>
         <size>0x12</size>
         <input_file_ref idref="fl-c"/>
      </object_component>
      <object_component id="oc-e3">
         <name>.text:SSIDataGet</name>
         <load_address>0x816</load_address>
         <run_address>0x816</run_address>
         <size>0xc</size>
         <input_file_ref idref="fl-c"/>
      </object_component>
      <object_component id="oc-24">
         <name>.text</name>
         <load_address>0x822</load_address>
         <run_address>0x822</run_address>
         <size>0xc</size>
         <input_file_ref idref="fl-4"/>
      </object_component>
      <object_component id="oc-dd">
         <name>.text:SSIDataPut</name>
         <load_address>0x82e</load_address>
         <run_address>0x82e</run_address>
         <size>0xa</size>
         <input_file_ref idref="fl-c"/>
      </object_component>
      <object_component id="oc-15a">
         <name>.text:SSIDisable</name>
         <load_address>0x838</load_address>
         <run_address>0x838</run_address>
         <size>0xa</size>
         <input_file_ref idref="fl-c"/>
      </object_component>
      <object_component id="oc-166">
         <name>.text:SSIEnable</name>
         <load_address>0x842</load_address>
         <run_address>0x842</run_address>
         <size>0xa</size>
         <input_file_ref idref="fl-c"/>
      </object_component>
      <object_component id="oc-d7">
         <name>.text:SSIBusy</name>
         <load_address>0x84c</load_address>
         <run_address>0x84c</run_address>
         <size>0x8</size>
         <input_file_ref idref="fl-c"/>
      </object_component>
      <object_component id="oc-148">
         <name>.text:GPIOPinWrite</name>
         <load_address>0x854</load_address>
         <run_address>0x854</run_address>
         <size>0x6</size>
         <input_file_ref idref="fl-a"/>
      </object_component>
      <object_component id="oc-12a">
         <name>.text:SysCtlDelay</name>
         <load_address>0x85a</load_address>
         <run_address>0x85a</run_address>
         <size>0x6</size>
         <input_file_ref idref="fl-d"/>
      </object_component>
      <object_component id="oc-92">
         <name>.text:_system_pre_init</name>
         <load_address>0x860</load_address>
         <run_address>0x860</run_address>
         <size>0x4</size>
         <input_file_ref idref="fl-cb"/>
      </object_component>
      <object_component id="oc-ea">
         <name>.text:abort:abort</name>
         <load_address>0x864</load_address>
         <run_address>0x864</run_address>
         <size>0x4</size>
         <input_file_ref idref="fl-cd"/>
      </object_component>
      <object_component id="oc-1b1">
         <name>.const:g_pui32GPIOBaseAddrs</name>
         <load_address>0x868</load_address>
         <run_address>0x868</run_address>
         <size>0x90</size>
         <input_file_ref idref="fl-a"/>
      </object_component>
      <object_component id="oc-132">
         <name>.const:g_pui32Xtals</name>
         <load_address>0x8f8</load_address>
         <run_address>0x8f8</run_address>
         <size>0x6c</size>
         <input_file_ref idref="fl-d"/>
      </object_component>
      <object_component id="oc-21">
         <name>.stack</name>
         <uninitialized>true</uninitialized>
         <run_address>0x20000000</run_address>
         <size>0x4</size>
         <input_file_ref idref="fl-c7"/>
      </object_component>
      <object_component id="oc-21a">
         <name>.stack</name>
         <uninitialized>true</uninitialized>
         <run_address>0x20000000</run_address>
         <size>0x0</size>
      </object_component>
      <object_component id="oc-b4">
         <name>.debug_info</name>
         <load_address>0x0</load_address>
         <run_address>0x0</run_address>
         <size>0x4ca</size>
         <input_file_ref idref="fl-2"/>
      </object_component>
      <object_component id="oc-d2">
         <name>.debug_info</name>
         <load_address>0x4ca</load_address>
         <run_address>0x4ca</run_address>
         <size>0x28b</size>
         <input_file_ref idref="fl-2"/>
      </object_component>
      <object_component id="oc-6d">
         <name>.debug_info</name>
         <load_address>0x755</load_address>
         <run_address>0x755</run_address>
         <size>0x26b</size>
         <input_file_ref idref="fl-2"/>
      </object_component>
      <object_component id="oc-af">
         <name>.debug_info</name>
         <load_address>0x9c0</load_address>
         <run_address>0x9c0</run_address>
         <size>0x8b</size>
         <input_file_ref idref="fl-2"/>
      </object_component>
      <object_component id="oc-aa">
         <name>.debug_info</name>
         <load_address>0xa4b</load_address>
         <run_address>0xa4b</run_address>
         <size>0x297</size>
         <input_file_ref idref="fl-2"/>
      </object_component>
      <object_component id="oc-72">
         <name>.debug_info</name>
         <load_address>0xce2</load_address>
         <run_address>0xce2</run_address>
         <size>0xbb</size>
         <input_file_ref idref="fl-2"/>
      </object_component>
      <object_component id="oc-99">
         <name>.debug_info</name>
         <load_address>0xd9d</load_address>
         <run_address>0xd9d</run_address>
         <size>0x193</size>
         <input_file_ref idref="fl-3"/>
      </object_component>
      <object_component id="oc-2c">
         <name>.debug_info</name>
         <load_address>0xf30</load_address>
         <run_address>0xf30</run_address>
         <size>0x2b1</size>
         <input_file_ref idref="fl-4"/>
      </object_component>
      <object_component id="oc-10">
         <name>.debug_info</name>
         <load_address>0x11e1</load_address>
         <run_address>0x11e1</run_address>
         <size>0xf0</size>
         <input_file_ref idref="fl-4"/>
      </object_component>
      <object_component id="oc-25">
         <name>.debug_info</name>
         <load_address>0x12d1</load_address>
         <run_address>0x12d1</run_address>
         <size>0x26c</size>
         <input_file_ref idref="fl-4"/>
      </object_component>
      <object_component id="oc-33">
         <name>.debug_info</name>
         <load_address>0x153d</load_address>
         <run_address>0x153d</run_address>
         <size>0x84</size>
         <input_file_ref idref="fl-4"/>
      </object_component>
      <object_component id="oc-1af">
         <name>.debug_info</name>
         <load_address>0x15c1</load_address>
         <run_address>0x15c1</run_address>
         <size>0x240</size>
         <input_file_ref idref="fl-a"/>
      </object_component>
      <object_component id="oc-1b2">
         <name>.debug_info</name>
         <load_address>0x1801</load_address>
         <run_address>0x1801</run_address>
         <size>0x15b</size>
         <input_file_ref idref="fl-a"/>
      </object_component>
      <object_component id="oc-14a">
         <name>.debug_info</name>
         <load_address>0x195c</load_address>
         <run_address>0x195c</run_address>
         <size>0x2a3</size>
         <input_file_ref idref="fl-a"/>
      </object_component>
      <object_component id="oc-1aa">
         <name>.debug_info</name>
         <load_address>0x1bff</load_address>
         <run_address>0x1bff</run_address>
         <size>0x2b3</size>
         <input_file_ref idref="fl-a"/>
      </object_component>
      <object_component id="oc-1a4">
         <name>.debug_info</name>
         <load_address>0x1eb2</load_address>
         <run_address>0x1eb2</run_address>
         <size>0x316</size>
         <input_file_ref idref="fl-a"/>
      </object_component>
      <object_component id="oc-155">
         <name>.debug_info</name>
         <load_address>0x21c8</load_address>
         <run_address>0x21c8</run_address>
         <size>0x279</size>
         <input_file_ref idref="fl-a"/>
      </object_component>
      <object_component id="oc-143">
         <name>.debug_info</name>
         <load_address>0x2441</load_address>
         <run_address>0x2441</run_address>
         <size>0x2b7</size>
         <input_file_ref idref="fl-a"/>
      </object_component>
      <object_component id="oc-14f">
         <name>.debug_info</name>
         <load_address>0x26f8</load_address>
         <run_address>0x26f8</run_address>
         <size>0x280</size>
         <input_file_ref idref="fl-a"/>
      </object_component>
      <object_component id="oc-12c">
         <name>.debug_info</name>
         <load_address>0x2978</load_address>
         <run_address>0x2978</run_address>
         <size>0x18b</size>
         <input_file_ref idref="fl-a"/>
      </object_component>
      <object_component id="oc-174">
         <name>.debug_info</name>
         <load_address>0x2b03</load_address>
         <run_address>0x2b03</run_address>
         <size>0x21c</size>
         <input_file_ref idref="fl-c"/>
      </object_component>
      <object_component id="oc-167">
         <name>.debug_info</name>
         <load_address>0x2d1f</load_address>
         <run_address>0x2d1f</run_address>
         <size>0x242</size>
         <input_file_ref idref="fl-c"/>
      </object_component>
      <object_component id="oc-15b">
         <name>.debug_info</name>
         <load_address>0x2f61</load_address>
         <run_address>0x2f61</run_address>
         <size>0x244</size>
         <input_file_ref idref="fl-c"/>
      </object_component>
      <object_component id="oc-de">
         <name>.debug_info</name>
         <load_address>0x31a5</load_address>
         <run_address>0x31a5</run_address>
         <size>0x276</size>
         <input_file_ref idref="fl-c"/>
      </object_component>
      <object_component id="oc-16d">
         <name>.debug_info</name>
         <load_address>0x341b</load_address>
         <run_address>0x341b</run_address>
         <size>0x29a</size>
         <input_file_ref idref="fl-c"/>
      </object_component>
      <object_component id="oc-e4">
         <name>.debug_info</name>
         <load_address>0x36b5</load_address>
         <run_address>0x36b5</run_address>
         <size>0x27a</size>
         <input_file_ref idref="fl-c"/>
      </object_component>
      <object_component id="oc-161">
         <name>.debug_info</name>
         <load_address>0x392f</load_address>
         <run_address>0x392f</run_address>
         <size>0x3d9</size>
         <input_file_ref idref="fl-c"/>
      </object_component>
      <object_component id="oc-d8">
         <name>.debug_info</name>
         <load_address>0x3d08</load_address>
         <run_address>0x3d08</run_address>
         <size>0x242</size>
         <input_file_ref idref="fl-c"/>
      </object_component>
      <object_component id="oc-131">
         <name>.debug_info</name>
         <load_address>0x3f4a</load_address>
         <run_address>0x3f4a</run_address>
         <size>0x298</size>
         <input_file_ref idref="fl-d"/>
      </object_component>
      <object_component id="oc-133">
         <name>.debug_info</name>
         <load_address>0x41e2</load_address>
         <run_address>0x41e2</run_address>
         <size>0x14d</size>
         <input_file_ref idref="fl-d"/>
      </object_component>
      <object_component id="oc-13d">
         <name>.debug_info</name>
         <load_address>0x432f</load_address>
         <run_address>0x432f</run_address>
         <size>0x27f</size>
         <input_file_ref idref="fl-d"/>
      </object_component>
      <object_component id="oc-137">
         <name>.debug_info</name>
         <load_address>0x45ae</load_address>
         <run_address>0x45ae</run_address>
         <size>0x27d</size>
         <input_file_ref idref="fl-d"/>
      </object_component>
      <object_component id="oc-c6">
         <name>.debug_info</name>
         <load_address>0x482b</load_address>
         <run_address>0x482b</run_address>
         <size>0x2db</size>
         <input_file_ref idref="fl-d"/>
      </object_component>
      <object_component id="oc-cc">
         <name>.debug_info</name>
         <load_address>0x4b06</load_address>
         <run_address>0x4b06</run_address>
         <size>0x2b5</size>
         <input_file_ref idref="fl-d"/>
      </object_component>
      <object_component id="oc-199">
         <name>.debug_info</name>
         <load_address>0x4dbb</load_address>
         <run_address>0x4dbb</run_address>
         <size>0x5f</size>
         <input_file_ref idref="fl-d"/>
      </object_component>
      <object_component id="oc-22">
         <name>.debug_info</name>
         <load_address>0x4e1a</load_address>
         <run_address>0x4e1a</run_address>
         <size>0x10f</size>
         <input_file_ref idref="fl-c7"/>
      </object_component>
      <object_component id="oc-51">
         <name>.debug_info</name>
         <load_address>0x4f29</load_address>
         <run_address>0x4f29</run_address>
         <size>0x1a6</size>
         <input_file_ref idref="fl-c7"/>
      </object_component>
      <object_component id="oc-96">
         <name>.debug_info</name>
         <load_address>0x50cf</load_address>
         <run_address>0x50cf</run_address>
         <size>0x157</size>
         <input_file_ref idref="fl-cb"/>
      </object_component>
      <object_component id="oc-ec">
         <name>.debug_info</name>
         <load_address>0x5226</load_address>
         <run_address>0x5226</run_address>
         <size>0x126</size>
         <input_file_ref idref="fl-cd"/>
      </object_component>
      <object_component id="oc-21b">
         <name>.debug_info</name>
         <load_address>0x534c</load_address>
         <run_address>0x534c</run_address>
         <size>0xa3</size>
      </object_component>
      <object_component id="oc-129">
         <name>.debug_line</name>
         <load_address>0x0</load_address>
         <run_address>0x0</run_address>
         <size>0xcf</size>
         <input_file_ref idref="fl-2"/>
      </object_component>
      <object_component id="oc-d5">
         <name>.debug_line</name>
         <load_address>0xcf</load_address>
         <run_address>0xcf</run_address>
         <size>0x5b</size>
         <input_file_ref idref="fl-2"/>
      </object_component>
      <object_component id="oc-70">
         <name>.debug_line</name>
         <load_address>0x12a</load_address>
         <run_address>0x12a</run_address>
         <size>0x6f</size>
         <input_file_ref idref="fl-2"/>
      </object_component>
      <object_component id="oc-b2">
         <name>.debug_line</name>
         <load_address>0x199</load_address>
         <run_address>0x199</run_address>
         <size>0x20</size>
         <input_file_ref idref="fl-2"/>
      </object_component>
      <object_component id="oc-ad">
         <name>.debug_line</name>
         <load_address>0x1b9</load_address>
         <run_address>0x1b9</run_address>
         <size>0x73</size>
         <input_file_ref idref="fl-2"/>
      </object_component>
      <object_component id="oc-75">
         <name>.debug_line</name>
         <load_address>0x22c</load_address>
         <run_address>0x22c</run_address>
         <size>0x70</size>
         <input_file_ref idref="fl-2"/>
      </object_component>
      <object_component id="oc-9c">
         <name>.debug_line</name>
         <load_address>0x29c</load_address>
         <run_address>0x29c</run_address>
         <size>0x52</size>
         <input_file_ref idref="fl-3"/>
      </object_component>
      <object_component id="oc-6c">
         <name>.debug_line</name>
         <load_address>0x2ee</load_address>
         <run_address>0x2ee</run_address>
         <size>0x41</size>
         <input_file_ref idref="fl-4"/>
      </object_component>
      <object_component id="oc-2b">
         <name>.debug_line</name>
         <load_address>0x32f</load_address>
         <run_address>0x32f</run_address>
         <size>0x41</size>
         <input_file_ref idref="fl-4"/>
      </object_component>
      <object_component id="oc-28">
         <name>.debug_line</name>
         <load_address>0x370</load_address>
         <run_address>0x370</run_address>
         <size>0xa1</size>
         <input_file_ref idref="fl-4"/>
      </object_component>
      <object_component id="oc-36">
         <name>.debug_line</name>
         <load_address>0x411</load_address>
         <run_address>0x411</run_address>
         <size>0x20</size>
         <input_file_ref idref="fl-4"/>
      </object_component>
      <object_component id="oc-1e0">
         <name>.debug_line</name>
         <load_address>0x431</load_address>
         <run_address>0x431</run_address>
         <size>0x82</size>
         <input_file_ref idref="fl-a"/>
      </object_component>
      <object_component id="oc-1e2">
         <name>.debug_line</name>
         <load_address>0x4b3</load_address>
         <run_address>0x4b3</run_address>
         <size>0x7d</size>
         <input_file_ref idref="fl-a"/>
      </object_component>
      <object_component id="oc-149">
         <name>.debug_line</name>
         <load_address>0x530</load_address>
         <run_address>0x530</run_address>
         <size>0x92</size>
         <input_file_ref idref="fl-a"/>
      </object_component>
      <object_component id="oc-1a9">
         <name>.debug_line</name>
         <load_address>0x5c2</load_address>
         <run_address>0x5c2</run_address>
         <size>0x95</size>
         <input_file_ref idref="fl-a"/>
      </object_component>
      <object_component id="oc-1a3">
         <name>.debug_line</name>
         <load_address>0x657</load_address>
         <run_address>0x657</run_address>
         <size>0xd1</size>
         <input_file_ref idref="fl-a"/>
      </object_component>
      <object_component id="oc-158">
         <name>.debug_line</name>
         <load_address>0x728</load_address>
         <run_address>0x728</run_address>
         <size>0x93</size>
         <input_file_ref idref="fl-a"/>
      </object_component>
      <object_component id="oc-146">
         <name>.debug_line</name>
         <load_address>0x7bb</load_address>
         <run_address>0x7bb</run_address>
         <size>0x99</size>
         <input_file_ref idref="fl-a"/>
      </object_component>
      <object_component id="oc-152">
         <name>.debug_line</name>
         <load_address>0x854</load_address>
         <run_address>0x854</run_address>
         <size>0xa7</size>
         <input_file_ref idref="fl-a"/>
      </object_component>
      <object_component id="oc-12f">
         <name>.debug_line</name>
         <load_address>0x8fb</load_address>
         <run_address>0x8fb</run_address>
         <size>0x69</size>
         <input_file_ref idref="fl-a"/>
      </object_component>
      <object_component id="oc-1bb">
         <name>.debug_line</name>
         <load_address>0x964</load_address>
         <run_address>0x964</run_address>
         <size>0x82</size>
         <input_file_ref idref="fl-c"/>
      </object_component>
      <object_component id="oc-16a">
         <name>.debug_line</name>
         <load_address>0x9e6</load_address>
         <run_address>0x9e6</run_address>
         <size>0x91</size>
         <input_file_ref idref="fl-c"/>
      </object_component>
      <object_component id="oc-15e">
         <name>.debug_line</name>
         <load_address>0xa77</load_address>
         <run_address>0xa77</run_address>
         <size>0x91</size>
         <input_file_ref idref="fl-c"/>
      </object_component>
      <object_component id="oc-e1">
         <name>.debug_line</name>
         <load_address>0xb08</load_address>
         <run_address>0xb08</run_address>
         <size>0x94</size>
         <input_file_ref idref="fl-c"/>
      </object_component>
      <object_component id="oc-170">
         <name>.debug_line</name>
         <load_address>0xb9c</load_address>
         <run_address>0xb9c</run_address>
         <size>0x97</size>
         <input_file_ref idref="fl-c"/>
      </object_component>
      <object_component id="oc-e7">
         <name>.debug_line</name>
         <load_address>0xc33</load_address>
         <run_address>0xc33</run_address>
         <size>0x94</size>
         <input_file_ref idref="fl-c"/>
      </object_component>
      <object_component id="oc-164">
         <name>.debug_line</name>
         <load_address>0xcc7</load_address>
         <run_address>0xcc7</run_address>
         <size>0xa3</size>
         <input_file_ref idref="fl-c"/>
      </object_component>
      <object_component id="oc-db">
         <name>.debug_line</name>
         <load_address>0xd6a</load_address>
         <run_address>0xd6a</run_address>
         <size>0x91</size>
         <input_file_ref idref="fl-c"/>
      </object_component>
      <object_component id="oc-198">
         <name>.debug_line</name>
         <load_address>0xdfb</load_address>
         <run_address>0xdfb</run_address>
         <size>0x13d</size>
         <input_file_ref idref="fl-d"/>
      </object_component>
      <object_component id="oc-19f">
         <name>.debug_line</name>
         <load_address>0xf38</load_address>
         <run_address>0xf38</run_address>
         <size>0x7f</size>
         <input_file_ref idref="fl-d"/>
      </object_component>
      <object_component id="oc-140">
         <name>.debug_line</name>
         <load_address>0xfb7</load_address>
         <run_address>0xfb7</run_address>
         <size>0x94</size>
         <input_file_ref idref="fl-d"/>
      </object_component>
      <object_component id="oc-13a">
         <name>.debug_line</name>
         <load_address>0x104b</load_address>
         <run_address>0x104b</run_address>
         <size>0x94</size>
         <input_file_ref idref="fl-d"/>
      </object_component>
      <object_component id="oc-c9">
         <name>.debug_line</name>
         <load_address>0x10df</load_address>
         <run_address>0x10df</run_address>
         <size>0xee</size>
         <input_file_ref idref="fl-d"/>
      </object_component>
      <object_component id="oc-cf">
         <name>.debug_line</name>
         <load_address>0x11cd</load_address>
         <run_address>0x11cd</run_address>
         <size>0x11a</size>
         <input_file_ref idref="fl-d"/>
      </object_component>
      <object_component id="oc-19c">
         <name>.debug_line</name>
         <load_address>0x12e7</load_address>
         <run_address>0x12e7</run_address>
         <size>0x7f</size>
         <input_file_ref idref="fl-d"/>
      </object_component>
      <object_component id="oc-69">
         <name>.debug_line</name>
         <load_address>0x1366</load_address>
         <run_address>0x1366</run_address>
         <size>0x33</size>
         <input_file_ref idref="fl-c7"/>
      </object_component>
      <object_component id="oc-54">
         <name>.debug_line</name>
         <load_address>0x1399</load_address>
         <run_address>0x1399</run_address>
         <size>0x48</size>
         <input_file_ref idref="fl-c7"/>
      </object_component>
      <object_component id="oc-93">
         <name>.debug_line</name>
         <load_address>0x13e1</load_address>
         <run_address>0x13e1</run_address>
         <size>0x40</size>
         <input_file_ref idref="fl-cb"/>
      </object_component>
      <object_component id="oc-ef">
         <name>.debug_line</name>
         <load_address>0x1421</load_address>
         <run_address>0x1421</run_address>
         <size>0x3c</size>
         <input_file_ref idref="fl-cd"/>
      </object_component>
      <object_component id="oc-d6">
         <name>.debug_frame</name>
         <load_address>0x0</load_address>
         <run_address>0x0</run_address>
         <size>0x5c</size>
         <input_file_ref idref="fl-2"/>
      </object_component>
      <object_component id="oc-9d">
         <name>.debug_frame</name>
         <load_address>0x5c</load_address>
         <run_address>0x5c</run_address>
         <size>0x5c</size>
         <input_file_ref idref="fl-3"/>
      </object_component>
      <object_component id="oc-29">
         <name>.debug_frame</name>
         <load_address>0xb8</load_address>
         <run_address>0xb8</run_address>
         <size>0x90</size>
         <input_file_ref idref="fl-4"/>
      </object_component>
      <object_component id="oc-14d">
         <name>.debug_frame</name>
         <load_address>0x240</load_address>
         <run_address>0x240</run_address>
         <size>0x7f</size>
         <input_file_ref idref="fl-a"/>
      </object_component>
      <object_component id="oc-1ad">
         <name>.debug_frame</name>
         <load_address>0x2bf</load_address>
         <run_address>0x2bf</run_address>
         <size>0x7f</size>
         <input_file_ref idref="fl-a"/>
      </object_component>
      <object_component id="oc-1a7">
         <name>.debug_frame</name>
         <load_address>0x33e</load_address>
         <run_address>0x33e</run_address>
         <size>0x8f</size>
         <input_file_ref idref="fl-a"/>
      </object_component>
      <object_component id="oc-159">
         <name>.debug_frame</name>
         <load_address>0x3cd</load_address>
         <run_address>0x3cd</run_address>
         <size>0x86</size>
         <input_file_ref idref="fl-a"/>
      </object_component>
      <object_component id="oc-147">
         <name>.debug_frame</name>
         <load_address>0x453</load_address>
         <run_address>0x453</run_address>
         <size>0x8a</size>
         <input_file_ref idref="fl-a"/>
      </object_component>
      <object_component id="oc-153">
         <name>.debug_frame</name>
         <load_address>0x4dd</load_address>
         <run_address>0x4dd</run_address>
         <size>0x86</size>
         <input_file_ref idref="fl-a"/>
      </object_component>
      <object_component id="oc-16b">
         <name>.debug_frame</name>
         <load_address>0x563</load_address>
         <run_address>0x563</run_address>
         <size>0x7f</size>
         <input_file_ref idref="fl-c"/>
      </object_component>
      <object_component id="oc-15f">
         <name>.debug_frame</name>
         <load_address>0x5e2</load_address>
         <run_address>0x5e2</run_address>
         <size>0x7f</size>
         <input_file_ref idref="fl-c"/>
      </object_component>
      <object_component id="oc-e2">
         <name>.debug_frame</name>
         <load_address>0x661</load_address>
         <run_address>0x661</run_address>
         <size>0x7f</size>
         <input_file_ref idref="fl-c"/>
      </object_component>
      <object_component id="oc-171">
         <name>.debug_frame</name>
         <load_address>0x6e0</load_address>
         <run_address>0x6e0</run_address>
         <size>0x83</size>
         <input_file_ref idref="fl-c"/>
      </object_component>
      <object_component id="oc-e8">
         <name>.debug_frame</name>
         <load_address>0x763</load_address>
         <run_address>0x763</run_address>
         <size>0x7f</size>
         <input_file_ref idref="fl-c"/>
      </object_component>
      <object_component id="oc-165">
         <name>.debug_frame</name>
         <load_address>0x7e2</load_address>
         <run_address>0x7e2</run_address>
         <size>0x86</size>
         <input_file_ref idref="fl-c"/>
      </object_component>
      <object_component id="oc-dc">
         <name>.debug_frame</name>
         <load_address>0x868</load_address>
         <run_address>0x868</run_address>
         <size>0x7f</size>
         <input_file_ref idref="fl-c"/>
      </object_component>
      <object_component id="oc-141">
         <name>.debug_frame</name>
         <load_address>0x8e7</load_address>
         <run_address>0x8e7</run_address>
         <size>0x7f</size>
         <input_file_ref idref="fl-d"/>
      </object_component>
      <object_component id="oc-13b">
         <name>.debug_frame</name>
         <load_address>0x966</load_address>
         <run_address>0x966</run_address>
         <size>0x7f</size>
         <input_file_ref idref="fl-d"/>
      </object_component>
      <object_component id="oc-ca">
         <name>.debug_frame</name>
         <load_address>0x9e5</load_address>
         <run_address>0x9e5</run_address>
         <size>0x93</size>
         <input_file_ref idref="fl-d"/>
      </object_component>
      <object_component id="oc-d0">
         <name>.debug_frame</name>
         <load_address>0xa78</load_address>
         <run_address>0xa78</run_address>
         <size>0x8e</size>
         <input_file_ref idref="fl-d"/>
      </object_component>
      <object_component id="oc-55">
         <name>.debug_frame</name>
         <load_address>0x148</load_address>
         <run_address>0x148</run_address>
         <size>0x50</size>
         <input_file_ref idref="fl-c7"/>
      </object_component>
      <object_component id="oc-94">
         <name>.debug_frame</name>
         <load_address>0x198</load_address>
         <run_address>0x198</run_address>
         <size>0x54</size>
         <input_file_ref idref="fl-cb"/>
      </object_component>
      <object_component id="oc-eb">
         <name>.debug_frame</name>
         <load_address>0x1ec</load_address>
         <run_address>0x1ec</run_address>
         <size>0x54</size>
         <input_file_ref idref="fl-cd"/>
      </object_component>
      <object_component id="oc-128">
         <name>.debug_abbrev</name>
         <load_address>0x0</load_address>
         <run_address>0x0</run_address>
         <size>0xa7</size>
         <input_file_ref idref="fl-2"/>
      </object_component>
      <object_component id="oc-172">
         <name>.debug_abbrev</name>
         <load_address>0xa7</load_address>
         <run_address>0xa7</run_address>
         <size>0x6c</size>
         <input_file_ref idref="fl-2"/>
      </object_component>
      <object_component id="oc-6f">
         <name>.debug_abbrev</name>
         <load_address>0x113</load_address>
         <run_address>0x113</run_address>
         <size>0x69</size>
         <input_file_ref idref="fl-2"/>
      </object_component>
      <object_component id="oc-b1">
         <name>.debug_abbrev</name>
         <load_address>0x17c</load_address>
         <run_address>0x17c</run_address>
         <size>0x1f</size>
         <input_file_ref idref="fl-2"/>
      </object_component>
      <object_component id="oc-ac">
         <name>.debug_abbrev</name>
         <load_address>0x19b</load_address>
         <run_address>0x19b</run_address>
         <size>0x5c</size>
         <input_file_ref idref="fl-2"/>
      </object_component>
      <object_component id="oc-74">
         <name>.debug_abbrev</name>
         <load_address>0x1f7</load_address>
         <run_address>0x1f7</run_address>
         <size>0x24</size>
         <input_file_ref idref="fl-2"/>
      </object_component>
      <object_component id="oc-e9">
         <name>.debug_abbrev</name>
         <load_address>0x21b</load_address>
         <run_address>0x21b</run_address>
         <size>0x62</size>
         <input_file_ref idref="fl-3"/>
      </object_component>
      <object_component id="oc-6b">
         <name>.debug_abbrev</name>
         <load_address>0x27d</load_address>
         <run_address>0x27d</run_address>
         <size>0x68</size>
         <input_file_ref idref="fl-4"/>
      </object_component>
      <object_component id="oc-2a">
         <name>.debug_abbrev</name>
         <load_address>0x2e5</load_address>
         <run_address>0x2e5</run_address>
         <size>0x29</size>
         <input_file_ref idref="fl-4"/>
      </object_component>
      <object_component id="oc-6a">
         <name>.debug_abbrev</name>
         <load_address>0x30e</load_address>
         <run_address>0x30e</run_address>
         <size>0x79</size>
         <input_file_ref idref="fl-4"/>
      </object_component>
      <object_component id="oc-35">
         <name>.debug_abbrev</name>
         <load_address>0x387</load_address>
         <run_address>0x387</run_address>
         <size>0x1f</size>
         <input_file_ref idref="fl-4"/>
      </object_component>
      <object_component id="oc-1df">
         <name>.debug_abbrev</name>
         <load_address>0x3a6</load_address>
         <run_address>0x3a6</run_address>
         <size>0x72</size>
         <input_file_ref idref="fl-a"/>
      </object_component>
      <object_component id="oc-1e1">
         <name>.debug_abbrev</name>
         <load_address>0x418</load_address>
         <run_address>0x418</run_address>
         <size>0x27</size>
         <input_file_ref idref="fl-a"/>
      </object_component>
      <object_component id="oc-1b0">
         <name>.debug_abbrev</name>
         <load_address>0x43f</load_address>
         <run_address>0x43f</run_address>
         <size>0x6c</size>
         <input_file_ref idref="fl-a"/>
      </object_component>
      <object_component id="oc-1de">
         <name>.debug_abbrev</name>
         <load_address>0x4ab</load_address>
         <run_address>0x4ab</run_address>
         <size>0x6c</size>
         <input_file_ref idref="fl-a"/>
      </object_component>
      <object_component id="oc-1dd">
         <name>.debug_abbrev</name>
         <load_address>0x517</load_address>
         <run_address>0x517</run_address>
         <size>0x6c</size>
         <input_file_ref idref="fl-a"/>
      </object_component>
      <object_component id="oc-1b5">
         <name>.debug_abbrev</name>
         <load_address>0x583</load_address>
         <run_address>0x583</run_address>
         <size>0x6c</size>
         <input_file_ref idref="fl-a"/>
      </object_component>
      <object_component id="oc-1ae">
         <name>.debug_abbrev</name>
         <load_address>0x5ef</load_address>
         <run_address>0x5ef</run_address>
         <size>0x7a</size>
         <input_file_ref idref="fl-a"/>
      </object_component>
      <object_component id="oc-1b4">
         <name>.debug_abbrev</name>
         <load_address>0x669</load_address>
         <run_address>0x669</run_address>
         <size>0x6c</size>
         <input_file_ref idref="fl-a"/>
      </object_component>
      <object_component id="oc-12e">
         <name>.debug_abbrev</name>
         <load_address>0x6d5</load_address>
         <run_address>0x6d5</run_address>
         <size>0x35</size>
         <input_file_ref idref="fl-a"/>
      </object_component>
      <object_component id="oc-1ba">
         <name>.debug_abbrev</name>
         <load_address>0x70a</load_address>
         <run_address>0x70a</run_address>
         <size>0x72</size>
         <input_file_ref idref="fl-c"/>
      </object_component>
      <object_component id="oc-1b8">
         <name>.debug_abbrev</name>
         <load_address>0x77c</load_address>
         <run_address>0x77c</run_address>
         <size>0x6c</size>
         <input_file_ref idref="fl-c"/>
      </object_component>
      <object_component id="oc-1b6">
         <name>.debug_abbrev</name>
         <load_address>0x7e8</load_address>
         <run_address>0x7e8</run_address>
         <size>0x6c</size>
         <input_file_ref idref="fl-c"/>
      </object_component>
      <object_component id="oc-175">
         <name>.debug_abbrev</name>
         <load_address>0x854</load_address>
         <run_address>0x854</run_address>
         <size>0x6c</size>
         <input_file_ref idref="fl-c"/>
      </object_component>
      <object_component id="oc-1b9">
         <name>.debug_abbrev</name>
         <load_address>0x8c0</load_address>
         <run_address>0x8c0</run_address>
         <size>0x6e</size>
         <input_file_ref idref="fl-c"/>
      </object_component>
      <object_component id="oc-176">
         <name>.debug_abbrev</name>
         <load_address>0x92e</load_address>
         <run_address>0x92e</run_address>
         <size>0x6c</size>
         <input_file_ref idref="fl-c"/>
      </object_component>
      <object_component id="oc-1b7">
         <name>.debug_abbrev</name>
         <load_address>0x99a</load_address>
         <run_address>0x99a</run_address>
         <size>0x6c</size>
         <input_file_ref idref="fl-c"/>
      </object_component>
      <object_component id="oc-173">
         <name>.debug_abbrev</name>
         <load_address>0xa06</load_address>
         <run_address>0xa06</run_address>
         <size>0x6e</size>
         <input_file_ref idref="fl-c"/>
      </object_component>
      <object_component id="oc-197">
         <name>.debug_abbrev</name>
         <load_address>0xa74</load_address>
         <run_address>0xa74</run_address>
         <size>0xb0</size>
         <input_file_ref idref="fl-d"/>
      </object_component>
      <object_component id="oc-19e">
         <name>.debug_abbrev</name>
         <load_address>0xb24</load_address>
         <run_address>0xb24</run_address>
         <size>0x27</size>
         <input_file_ref idref="fl-d"/>
      </object_component>
      <object_component id="oc-1a1">
         <name>.debug_abbrev</name>
         <load_address>0xb4b</load_address>
         <run_address>0xb4b</run_address>
         <size>0x6e</size>
         <input_file_ref idref="fl-d"/>
      </object_component>
      <object_component id="oc-1a0">
         <name>.debug_abbrev</name>
         <load_address>0xbb9</load_address>
         <run_address>0xbb9</run_address>
         <size>0x6c</size>
         <input_file_ref idref="fl-d"/>
      </object_component>
      <object_component id="oc-12b">
         <name>.debug_abbrev</name>
         <load_address>0xc25</load_address>
         <run_address>0xc25</run_address>
         <size>0x7a</size>
         <input_file_ref idref="fl-d"/>
      </object_component>
      <object_component id="oc-135">
         <name>.debug_abbrev</name>
         <load_address>0xc9f</load_address>
         <run_address>0xc9f</run_address>
         <size>0x60</size>
         <input_file_ref idref="fl-d"/>
      </object_component>
      <object_component id="oc-19b">
         <name>.debug_abbrev</name>
         <load_address>0xcff</load_address>
         <run_address>0xcff</run_address>
         <size>0x49</size>
         <input_file_ref idref="fl-d"/>
      </object_component>
      <object_component id="oc-68">
         <name>.debug_abbrev</name>
         <load_address>0xd48</load_address>
         <run_address>0xd48</run_address>
         <size>0x29</size>
         <input_file_ref idref="fl-c7"/>
      </object_component>
      <object_component id="oc-9f">
         <name>.debug_abbrev</name>
         <load_address>0xd71</load_address>
         <run_address>0xd71</run_address>
         <size>0x55</size>
         <input_file_ref idref="fl-c7"/>
      </object_component>
      <object_component id="oc-c4">
         <name>.debug_abbrev</name>
         <load_address>0xdc6</load_address>
         <run_address>0xdc6</run_address>
         <size>0x55</size>
         <input_file_ref idref="fl-cb"/>
      </object_component>
      <object_component id="oc-177">
         <name>.debug_abbrev</name>
         <load_address>0xe1b</load_address>
         <run_address>0xe1b</run_address>
         <size>0x45</size>
         <input_file_ref idref="fl-cd"/>
      </object_component>
      <object_component id="oc-21c">
         <name>.debug_abbrev</name>
         <load_address>0xe60</load_address>
         <run_address>0xe60</run_address>
         <size>0xf</size>
      </object_component>
      <object_component id="oc-71">
         <name>.debug_str</name>
         <load_address>0x0</load_address>
         <run_address>0x0</run_address>
         <size>0x2b4</size>
         <input_file_ref idref="fl-2"/>
      </object_component>
      <object_component id="oc-b3">
         <name>.debug_str</name>
         <load_address>0x2b4</load_address>
         <run_address>0x2b4</run_address>
         <size>0xfe</size>
         <input_file_ref idref="fl-2"/>
      </object_component>
      <object_component id="oc-ae">
         <name>.debug_str</name>
         <load_address>0x3b2</load_address>
         <run_address>0x3b2</run_address>
         <size>0x343</size>
         <input_file_ref idref="fl-2"/>
      </object_component>
      <object_component id="oc-76">
         <name>.debug_str</name>
         <load_address>0x6f5</load_address>
         <run_address>0x6f5</run_address>
         <size>0x14c</size>
         <input_file_ref idref="fl-2"/>
      </object_component>
      <object_component id="oc-37">
         <name>.debug_str</name>
         <load_address>0x841</load_address>
         <run_address>0x841</run_address>
         <size>0xfe</size>
         <input_file_ref idref="fl-4"/>
      </object_component>
      <object_component id="oc-130">
         <name>.debug_str</name>
         <load_address>0x93f</load_address>
         <run_address>0x93f</run_address>
         <size>0x241</size>
         <input_file_ref idref="fl-a"/>
      </object_component>
      <object_component id="oc-19d">
         <name>.debug_str</name>
         <load_address>0xb80</load_address>
         <run_address>0xb80</run_address>
         <size>0x141</size>
         <input_file_ref idref="fl-d"/>
      </object_component>
      <object_component id="oc-d3">
         <name>.debug_aranges</name>
         <load_address>0x0</load_address>
         <run_address>0x0</run_address>
         <size>0x20</size>
         <input_file_ref idref="fl-2"/>
      </object_component>
      <object_component id="oc-9a">
         <name>.debug_aranges</name>
         <load_address>0x20</load_address>
         <run_address>0x20</run_address>
         <size>0x20</size>
         <input_file_ref idref="fl-3"/>
      </object_component>
      <object_component id="oc-26">
         <name>.debug_aranges</name>
         <load_address>0x40</load_address>
         <run_address>0x40</run_address>
         <size>0x38</size>
         <input_file_ref idref="fl-4"/>
      </object_component>
      <object_component id="oc-14b">
         <name>.debug_aranges</name>
         <load_address>0x78</load_address>
         <run_address>0x78</run_address>
         <size>0x20</size>
         <input_file_ref idref="fl-a"/>
      </object_component>
      <object_component id="oc-1ab">
         <name>.debug_aranges</name>
         <load_address>0x98</load_address>
         <run_address>0x98</run_address>
         <size>0x20</size>
         <input_file_ref idref="fl-a"/>
      </object_component>
      <object_component id="oc-1a5">
         <name>.debug_aranges</name>
         <load_address>0xb8</load_address>
         <run_address>0xb8</run_address>
         <size>0x20</size>
         <input_file_ref idref="fl-a"/>
      </object_component>
      <object_component id="oc-156">
         <name>.debug_aranges</name>
         <load_address>0xd8</load_address>
         <run_address>0xd8</run_address>
         <size>0x20</size>
         <input_file_ref idref="fl-a"/>
      </object_component>
      <object_component id="oc-144">
         <name>.debug_aranges</name>
         <load_address>0xf8</load_address>
         <run_address>0xf8</run_address>
         <size>0x20</size>
         <input_file_ref idref="fl-a"/>
      </object_component>
      <object_component id="oc-150">
         <name>.debug_aranges</name>
         <load_address>0x118</load_address>
         <run_address>0x118</run_address>
         <size>0x20</size>
         <input_file_ref idref="fl-a"/>
      </object_component>
      <object_component id="oc-168">
         <name>.debug_aranges</name>
         <load_address>0x138</load_address>
         <run_address>0x138</run_address>
         <size>0x20</size>
         <input_file_ref idref="fl-c"/>
      </object_component>
      <object_component id="oc-15c">
         <name>.debug_aranges</name>
         <load_address>0x158</load_address>
         <run_address>0x158</run_address>
         <size>0x20</size>
         <input_file_ref idref="fl-c"/>
      </object_component>
      <object_component id="oc-df">
         <name>.debug_aranges</name>
         <load_address>0x178</load_address>
         <run_address>0x178</run_address>
         <size>0x20</size>
         <input_file_ref idref="fl-c"/>
      </object_component>
      <object_component id="oc-16e">
         <name>.debug_aranges</name>
         <load_address>0x198</load_address>
         <run_address>0x198</run_address>
         <size>0x20</size>
         <input_file_ref idref="fl-c"/>
      </object_component>
      <object_component id="oc-e5">
         <name>.debug_aranges</name>
         <load_address>0x1b8</load_address>
         <run_address>0x1b8</run_address>
         <size>0x20</size>
         <input_file_ref idref="fl-c"/>
      </object_component>
      <object_component id="oc-162">
         <name>.debug_aranges</name>
         <load_address>0x1d8</load_address>
         <run_address>0x1d8</run_address>
         <size>0x20</size>
         <input_file_ref idref="fl-c"/>
      </object_component>
      <object_component id="oc-d9">
         <name>.debug_aranges</name>
         <load_address>0x1f8</load_address>
         <run_address>0x1f8</run_address>
         <size>0x20</size>
         <input_file_ref idref="fl-c"/>
      </object_component>
      <object_component id="oc-13e">
         <name>.debug_aranges</name>
         <load_address>0x218</load_address>
         <run_address>0x218</run_address>
         <size>0x20</size>
         <input_file_ref idref="fl-d"/>
      </object_component>
      <object_component id="oc-138">
         <name>.debug_aranges</name>
         <load_address>0x238</load_address>
         <run_address>0x238</run_address>
         <size>0x20</size>
         <input_file_ref idref="fl-d"/>
      </object_component>
      <object_component id="oc-c7">
         <name>.debug_aranges</name>
         <load_address>0x258</load_address>
         <run_address>0x258</run_address>
         <size>0x20</size>
         <input_file_ref idref="fl-d"/>
      </object_component>
      <object_component id="oc-cd">
         <name>.debug_aranges</name>
         <load_address>0x278</load_address>
         <run_address>0x278</run_address>
         <size>0x20</size>
         <input_file_ref idref="fl-d"/>
      </object_component>
      <object_component id="oc-52">
         <name>.debug_aranges</name>
         <load_address>0x298</load_address>
         <run_address>0x298</run_address>
         <size>0x20</size>
         <input_file_ref idref="fl-c7"/>
      </object_component>
      <object_component id="oc-95">
         <name>.debug_aranges</name>
         <load_address>0x2b8</load_address>
         <run_address>0x2b8</run_address>
         <size>0x20</size>
         <input_file_ref idref="fl-cb"/>
      </object_component>
      <object_component id="oc-ed">
         <name>.debug_aranges</name>
         <load_address>0x2d8</load_address>
         <run_address>0x2d8</run_address>
         <size>0x20</size>
         <input_file_ref idref="fl-cd"/>
      </object_component>
      <object_component id="oc-d4">
         <name>.debug_pubnames</name>
         <load_address>0x0</load_address>
         <run_address>0x0</run_address>
         <size>0x1f</size>
         <input_file_ref idref="fl-2"/>
      </object_component>
      <object_component id="oc-9b">
         <name>.debug_pubnames</name>
         <load_address>0x1f</load_address>
         <run_address>0x1f</run_address>
         <size>0x1b</size>
         <input_file_ref idref="fl-3"/>
      </object_component>
      <object_component id="oc-11">
         <name>.debug_pubnames</name>
         <load_address>0x3a</load_address>
         <run_address>0x3a</run_address>
         <size>0x23</size>
         <input_file_ref idref="fl-4"/>
      </object_component>
      <object_component id="oc-27">
         <name>.debug_pubnames</name>
         <load_address>0x5d</load_address>
         <run_address>0x5d</run_address>
         <size>0x4c</size>
         <input_file_ref idref="fl-4"/>
      </object_component>
      <object_component id="oc-1b3">
         <name>.debug_pubnames</name>
         <load_address>0xa9</load_address>
         <run_address>0xa9</run_address>
         <size>0x2b</size>
         <input_file_ref idref="fl-a"/>
      </object_component>
      <object_component id="oc-14c">
         <name>.debug_pubnames</name>
         <load_address>0xd4</load_address>
         <run_address>0xd4</run_address>
         <size>0x23</size>
         <input_file_ref idref="fl-a"/>
      </object_component>
      <object_component id="oc-1ac">
         <name>.debug_pubnames</name>
         <load_address>0xf7</load_address>
         <run_address>0xf7</run_address>
         <size>0x25</size>
         <input_file_ref idref="fl-a"/>
      </object_component>
      <object_component id="oc-1a6">
         <name>.debug_pubnames</name>
         <load_address>0x11c</load_address>
         <run_address>0x11c</run_address>
         <size>0x27</size>
         <input_file_ref idref="fl-a"/>
      </object_component>
      <object_component id="oc-157">
         <name>.debug_pubnames</name>
         <load_address>0x143</load_address>
         <run_address>0x143</run_address>
         <size>0x25</size>
         <input_file_ref idref="fl-a"/>
      </object_component>
      <object_component id="oc-145">
         <name>.debug_pubnames</name>
         <load_address>0x168</load_address>
         <run_address>0x168</run_address>
         <size>0x2c</size>
         <input_file_ref idref="fl-a"/>
      </object_component>
      <object_component id="oc-151">
         <name>.debug_pubnames</name>
         <load_address>0x194</load_address>
         <run_address>0x194</run_address>
         <size>0x27</size>
         <input_file_ref idref="fl-a"/>
      </object_component>
      <object_component id="oc-169">
         <name>.debug_pubnames</name>
         <load_address>0x1bb</load_address>
         <run_address>0x1bb</run_address>
         <size>0x20</size>
         <input_file_ref idref="fl-c"/>
      </object_component>
      <object_component id="oc-15d">
         <name>.debug_pubnames</name>
         <load_address>0x1db</load_address>
         <run_address>0x1db</run_address>
         <size>0x21</size>
         <input_file_ref idref="fl-c"/>
      </object_component>
      <object_component id="oc-e0">
         <name>.debug_pubnames</name>
         <load_address>0x1fc</load_address>
         <run_address>0x1fc</run_address>
         <size>0x21</size>
         <input_file_ref idref="fl-c"/>
      </object_component>
      <object_component id="oc-16f">
         <name>.debug_pubnames</name>
         <load_address>0x21d</load_address>
         <run_address>0x21d</run_address>
         <size>0x2c</size>
         <input_file_ref idref="fl-c"/>
      </object_component>
      <object_component id="oc-e6">
         <name>.debug_pubnames</name>
         <load_address>0x249</load_address>
         <run_address>0x249</run_address>
         <size>0x21</size>
         <input_file_ref idref="fl-c"/>
      </object_component>
      <object_component id="oc-163">
         <name>.debug_pubnames</name>
         <load_address>0x26a</load_address>
         <run_address>0x26a</run_address>
         <size>0x29</size>
         <input_file_ref idref="fl-c"/>
      </object_component>
      <object_component id="oc-da">
         <name>.debug_pubnames</name>
         <load_address>0x293</load_address>
         <run_address>0x293</run_address>
         <size>0x1e</size>
         <input_file_ref idref="fl-c"/>
      </object_component>
      <object_component id="oc-134">
         <name>.debug_pubnames</name>
         <load_address>0x2b1</load_address>
         <run_address>0x2b1</run_address>
         <size>0x23</size>
         <input_file_ref idref="fl-d"/>
      </object_component>
      <object_component id="oc-13f">
         <name>.debug_pubnames</name>
         <load_address>0x2d4</load_address>
         <run_address>0x2d4</run_address>
         <size>0x2c</size>
         <input_file_ref idref="fl-d"/>
      </object_component>
      <object_component id="oc-139">
         <name>.debug_pubnames</name>
         <load_address>0x300</load_address>
         <run_address>0x300</run_address>
         <size>0x2d</size>
         <input_file_ref idref="fl-d"/>
      </object_component>
      <object_component id="oc-c8">
         <name>.debug_pubnames</name>
         <load_address>0x32d</load_address>
         <run_address>0x32d</run_address>
         <size>0x25</size>
         <input_file_ref idref="fl-d"/>
      </object_component>
      <object_component id="oc-ce">
         <name>.debug_pubnames</name>
         <load_address>0x352</load_address>
         <run_address>0x352</run_address>
         <size>0x25</size>
         <input_file_ref idref="fl-d"/>
      </object_component>
      <object_component id="oc-23">
         <name>.debug_pubnames</name>
         <load_address>0x377</load_address>
         <run_address>0x377</run_address>
         <size>0x1e</size>
         <input_file_ref idref="fl-c7"/>
      </object_component>
      <object_component id="oc-53">
         <name>.debug_pubnames</name>
         <load_address>0x395</load_address>
         <run_address>0x395</run_address>
         <size>0x2d</size>
         <input_file_ref idref="fl-c7"/>
      </object_component>
      <object_component id="oc-97">
         <name>.debug_pubnames</name>
         <load_address>0x3c2</load_address>
         <run_address>0x3c2</run_address>
         <size>0x27</size>
         <input_file_ref idref="fl-cb"/>
      </object_component>
      <object_component id="oc-ee">
         <name>.debug_pubnames</name>
         <load_address>0x3e9</load_address>
         <run_address>0x3e9</run_address>
         <size>0x1c</size>
         <input_file_ref idref="fl-cd"/>
      </object_component>
      <object_component id="oc-6e">
         <name>.debug_pubtypes</name>
         <load_address>0x0</load_address>
         <run_address>0x0</run_address>
         <size>0x25c</size>
         <input_file_ref idref="fl-2"/>
      </object_component>
      <object_component id="oc-b0">
         <name>.debug_pubtypes</name>
         <load_address>0x25c</load_address>
         <run_address>0x25c</run_address>
         <size>0xff</size>
         <input_file_ref idref="fl-2"/>
      </object_component>
      <object_component id="oc-ab">
         <name>.debug_pubtypes</name>
         <load_address>0x35b</load_address>
         <run_address>0x35b</run_address>
         <size>0x325</size>
         <input_file_ref idref="fl-2"/>
      </object_component>
      <object_component id="oc-73">
         <name>.debug_pubtypes</name>
         <load_address>0x680</load_address>
         <run_address>0x680</run_address>
         <size>0xaa</size>
         <input_file_ref idref="fl-2"/>
      </object_component>
      <object_component id="oc-34">
         <name>.debug_pubtypes</name>
         <load_address>0x72a</load_address>
         <run_address>0x72a</run_address>
         <size>0xed</size>
         <input_file_ref idref="fl-4"/>
      </object_component>
      <object_component id="oc-12d">
         <name>.debug_pubtypes</name>
         <load_address>0x817</load_address>
         <run_address>0x817</run_address>
         <size>0x1c6</size>
         <input_file_ref idref="fl-a"/>
      </object_component>
      <object_component id="oc-19a">
         <name>.debug_pubtypes</name>
         <load_address>0x9dd</load_address>
         <run_address>0x9dd</run_address>
         <size>0x28</size>
         <input_file_ref idref="fl-d"/>
      </object_component>
   </object_component_list>
   <logical_group_list>
      <logical_group id="lg-3" display="no" color="cyan">
         <name>.intvecs</name>
         <load_address>0x0</load_address>
         <run_address>0x0</run_address>
         <size>0x26c</size>
         <contents>
            <object_component_ref idref="oc-f"/>
         </contents>
      </logical_group>
      <logical_group id="lg-4" display="no" color="cyan">
         <name>.text</name>
         <load_address>0x26c</load_address>
         <run_address>0x26c</run_address>
         <size>0x5fc</size>
         <contents>
            <object_component_ref idref="oc-1a2"/>
            <object_component_ref idref="oc-cb"/>
            <object_component_ref idref="oc-c5"/>
            <object_component_ref idref="oc-d1"/>
            <object_component_ref idref="oc-98"/>
            <object_component_ref idref="oc-14e"/>
            <object_component_ref idref="oc-160"/>
            <object_component_ref idref="oc-13c"/>
            <object_component_ref idref="oc-136"/>
            <object_component_ref idref="oc-50"/>
            <object_component_ref idref="oc-1a8"/>
            <object_component_ref idref="oc-142"/>
            <object_component_ref idref="oc-154"/>
            <object_component_ref idref="oc-16c"/>
            <object_component_ref idref="oc-e3"/>
            <object_component_ref idref="oc-24"/>
            <object_component_ref idref="oc-dd"/>
            <object_component_ref idref="oc-15a"/>
            <object_component_ref idref="oc-166"/>
            <object_component_ref idref="oc-d7"/>
            <object_component_ref idref="oc-148"/>
            <object_component_ref idref="oc-12a"/>
            <object_component_ref idref="oc-92"/>
            <object_component_ref idref="oc-ea"/>
         </contents>
      </logical_group>
      <logical_group id="lg-5" display="no" color="cyan">
         <name>.const</name>
         <load_address>0x868</load_address>
         <run_address>0x868</run_address>
         <size>0xfc</size>
         <contents>
            <object_component_ref idref="oc-1b1"/>
            <object_component_ref idref="oc-132"/>
         </contents>
      </logical_group>
      <logical_group id="lg-6" display="no" color="cyan">
         <name>.cinit</name>
         <run_address>0x0</run_address>
         <size>0x0</size>
         <contents>
         </contents>
      </logical_group>
      <logical_group id="lg-7" display="no" color="cyan">
         <name>.pinit</name>
         <run_address>0x0</run_address>
         <size>0x0</size>
         <contents>
         </contents>
      </logical_group>
      <logical_group id="lg-8" display="no" color="cyan">
         <name>.init_array</name>
         <run_address>0x0</run_address>
         <size>0x0</size>
         <contents>
         </contents>
      </logical_group>
      <logical_group id="lg-9" display="no" color="cyan">
         <name>.vtable</name>
         <run_address>0x0</run_address>
         <size>0x0</size>
         <contents>
         </contents>
      </logical_group>
      <logical_group id="lg-a" display="no" color="cyan">
         <name>.data</name>
         <run_address>0x0</run_address>
         <size>0x0</size>
         <contents>
         </contents>
      </logical_group>
      <logical_group id="lg-b" display="no" color="cyan">
         <name>.bss</name>
         <run_address>0x0</run_address>
         <size>0x0</size>
         <contents>
         </contents>
      </logical_group>
      <logical_group id="lg-c" display="no" color="cyan">
         <name>.sysmem</name>
         <run_address>0x0</run_address>
         <size>0x0</size>
         <contents>
         </contents>
      </logical_group>
      <logical_group id="lg-d" display="no" color="cyan">
         <name>.stack</name>
         <run_address>0x20000000</run_address>
         <size>0x320</size>
         <contents>
            <object_component_ref idref="oc-21"/>
            <object_component_ref idref="oc-21a"/>
         </contents>
      </logical_group>
      <logical_group id="lg-1f2" display="no" color="cyan">
         <name>.TI.noinit</name>
         <run_address>0x0</run_address>
         <size>0x0</size>
         <contents>
         </contents>
      </logical_group>
      <logical_group id="lg-1f3" display="no" color="cyan">
         <name>.TI.persistent</name>
         <run_address>0x0</run_address>
         <size>0x0</size>
         <contents>
         </contents>
      </logical_group>
      <logical_group id="lg-201" display="never" color="cyan">
         <name>.debug_info</name>
         <load_address>0x0</load_address>
         <run_address>0x0</run_address>
         <size>0x53ef</size>
         <contents>
            <object_component_ref idref="oc-b4"/>
            <object_component_ref idref="oc-d2"/>
            <object_component_ref idref="oc-6d"/>
            <object_component_ref idref="oc-af"/>
            <object_component_ref idref="oc-aa"/>
            <object_component_ref idref="oc-72"/>
            <object_component_ref idref="oc-99"/>
            <object_component_ref idref="oc-2c"/>
            <object_component_ref idref="oc-10"/>
            <object_component_ref idref="oc-25"/>
            <object_component_ref idref="oc-33"/>
            <object_component_ref idref="oc-1af"/>
            <object_component_ref idref="oc-1b2"/>
            <object_component_ref idref="oc-14a"/>
            <object_component_ref idref="oc-1aa"/>
            <object_component_ref idref="oc-1a4"/>
            <object_component_ref idref="oc-155"/>
            <object_component_ref idref="oc-143"/>
            <object_component_ref idref="oc-14f"/>
            <object_component_ref idref="oc-12c"/>
            <object_component_ref idref="oc-174"/>
            <object_component_ref idref="oc-167"/>
            <object_component_ref idref="oc-15b"/>
            <object_component_ref idref="oc-de"/>
            <object_component_ref idref="oc-16d"/>
            <object_component_ref idref="oc-e4"/>
            <object_component_ref idref="oc-161"/>
            <object_component_ref idref="oc-d8"/>
            <object_component_ref idref="oc-131"/>
            <object_component_ref idref="oc-133"/>
            <object_component_ref idref="oc-13d"/>
            <object_component_ref idref="oc-137"/>
            <object_component_ref idref="oc-c6"/>
            <object_component_ref idref="oc-cc"/>
            <object_component_ref idref="oc-199"/>
            <object_component_ref idref="oc-22"/>
            <object_component_ref idref="oc-51"/>
            <object_component_ref idref="oc-96"/>
            <object_component_ref idref="oc-ec"/>
            <object_component_ref idref="oc-21b"/>
         </contents>
      </logical_group>
      <logical_group id="lg-203" display="never" color="cyan">
         <name>.debug_line</name>
         <load_address>0x0</load_address>
         <run_address>0x0</run_address>
         <size>0x145d</size>
         <contents>
            <object_component_ref idref="oc-129"/>
            <object_component_ref idref="oc-d5"/>
            <object_component_ref idref="oc-70"/>
            <object_component_ref idref="oc-b2"/>
            <object_component_ref idref="oc-ad"/>
            <object_component_ref idref="oc-75"/>
            <object_component_ref idref="oc-9c"/>
            <object_component_ref idref="oc-6c"/>
            <object_component_ref idref="oc-2b"/>
            <object_component_ref idref="oc-28"/>
            <object_component_ref idref="oc-36"/>
            <object_component_ref idref="oc-1e0"/>
            <object_component_ref idref="oc-1e2"/>
            <object_component_ref idref="oc-149"/>
            <object_component_ref idref="oc-1a9"/>
            <object_component_ref idref="oc-1a3"/>
            <object_component_ref idref="oc-158"/>
            <object_component_ref idref="oc-146"/>
            <object_component_ref idref="oc-152"/>
            <object_component_ref idref="oc-12f"/>
            <object_component_ref idref="oc-1bb"/>
            <object_component_ref idref="oc-16a"/>
            <object_component_ref idref="oc-15e"/>
            <object_component_ref idref="oc-e1"/>
            <object_component_ref idref="oc-170"/>
            <object_component_ref idref="oc-e7"/>
            <object_component_ref idref="oc-164"/>
            <object_component_ref idref="oc-db"/>
            <object_component_ref idref="oc-198"/>
            <object_component_ref idref="oc-19f"/>
            <object_component_ref idref="oc-140"/>
            <object_component_ref idref="oc-13a"/>
            <object_component_ref idref="oc-c9"/>
            <object_component_ref idref="oc-cf"/>
            <object_component_ref idref="oc-19c"/>
            <object_component_ref idref="oc-69"/>
            <object_component_ref idref="oc-54"/>
            <object_component_ref idref="oc-93"/>
            <object_component_ref idref="oc-ef"/>
         </contents>
      </logical_group>
      <logical_group id="lg-205" display="never" color="cyan">
         <name>.debug_frame</name>
         <load_address>0x0</load_address>
         <run_address>0x0</run_address>
         <size>0xb06</size>
         <contents>
            <object_component_ref idref="oc-d6"/>
            <object_component_ref idref="oc-9d"/>
            <object_component_ref idref="oc-29"/>
            <object_component_ref idref="oc-14d"/>
            <object_component_ref idref="oc-1ad"/>
            <object_component_ref idref="oc-1a7"/>
            <object_component_ref idref="oc-159"/>
            <object_component_ref idref="oc-147"/>
            <object_component_ref idref="oc-153"/>
            <object_component_ref idref="oc-16b"/>
            <object_component_ref idref="oc-15f"/>
            <object_component_ref idref="oc-e2"/>
            <object_component_ref idref="oc-171"/>
            <object_component_ref idref="oc-e8"/>
            <object_component_ref idref="oc-165"/>
            <object_component_ref idref="oc-dc"/>
            <object_component_ref idref="oc-141"/>
            <object_component_ref idref="oc-13b"/>
            <object_component_ref idref="oc-ca"/>
            <object_component_ref idref="oc-d0"/>
            <object_component_ref idref="oc-55"/>
            <object_component_ref idref="oc-94"/>
            <object_component_ref idref="oc-eb"/>
         </contents>
      </logical_group>
      <logical_group id="lg-207" display="never" color="cyan">
         <name>.debug_abbrev</name>
         <load_address>0x0</load_address>
         <run_address>0x0</run_address>
         <size>0xe6f</size>
         <contents>
            <object_component_ref idref="oc-128"/>
            <object_component_ref idref="oc-172"/>
            <object_component_ref idref="oc-6f"/>
            <object_component_ref idref="oc-b1"/>
            <object_component_ref idref="oc-ac"/>
            <object_component_ref idref="oc-74"/>
            <object_component_ref idref="oc-e9"/>
            <object_component_ref idref="oc-6b"/>
            <object_component_ref idref="oc-2a"/>
            <object_component_ref idref="oc-6a"/>
            <object_component_ref idref="oc-35"/>
            <object_component_ref idref="oc-1df"/>
            <object_component_ref idref="oc-1e1"/>
            <object_component_ref idref="oc-1b0"/>
            <object_component_ref idref="oc-1de"/>
            <object_component_ref idref="oc-1dd"/>
            <object_component_ref idref="oc-1b5"/>
            <object_component_ref idref="oc-1ae"/>
            <object_component_ref idref="oc-1b4"/>
            <object_component_ref idref="oc-12e"/>
            <object_component_ref idref="oc-1ba"/>
            <object_component_ref idref="oc-1b8"/>
            <object_component_ref idref="oc-1b6"/>
            <object_component_ref idref="oc-175"/>
            <object_component_ref idref="oc-1b9"/>
            <object_component_ref idref="oc-176"/>
            <object_component_ref idref="oc-1b7"/>
            <object_component_ref idref="oc-173"/>
            <object_component_ref idref="oc-197"/>
            <object_component_ref idref="oc-19e"/>
            <object_component_ref idref="oc-1a1"/>
            <object_component_ref idref="oc-1a0"/>
            <object_component_ref idref="oc-12b"/>
            <object_component_ref idref="oc-135"/>
            <object_component_ref idref="oc-19b"/>
            <object_component_ref idref="oc-68"/>
            <object_component_ref idref="oc-9f"/>
            <object_component_ref idref="oc-c4"/>
            <object_component_ref idref="oc-177"/>
            <object_component_ref idref="oc-21c"/>
         </contents>
      </logical_group>
      <logical_group id="lg-209" display="never" color="cyan">
         <name>.debug_str</name>
         <load_address>0x0</load_address>
         <run_address>0x0</run_address>
         <size>0xcc1</size>
         <contents>
            <object_component_ref idref="oc-71"/>
            <object_component_ref idref="oc-b3"/>
            <object_component_ref idref="oc-ae"/>
            <object_component_ref idref="oc-76"/>
            <object_component_ref idref="oc-37"/>
            <object_component_ref idref="oc-130"/>
            <object_component_ref idref="oc-19d"/>
         </contents>
      </logical_group>
      <logical_group id="lg-20b" display="never" color="cyan">
         <name>.debug_aranges</name>
         <load_address>0x0</load_address>
         <run_address>0x0</run_address>
         <size>0x2f8</size>
         <contents>
            <object_component_ref idref="oc-d3"/>
            <object_component_ref idref="oc-9a"/>
            <object_component_ref idref="oc-26"/>
            <object_component_ref idref="oc-14b"/>
            <object_component_ref idref="oc-1ab"/>
            <object_component_ref idref="oc-1a5"/>
            <object_component_ref idref="oc-156"/>
            <object_component_ref idref="oc-144"/>
            <object_component_ref idref="oc-150"/>
            <object_component_ref idref="oc-168"/>
            <object_component_ref idref="oc-15c"/>
            <object_component_ref idref="oc-df"/>
            <object_component_ref idref="oc-16e"/>
            <object_component_ref idref="oc-e5"/>
            <object_component_ref idref="oc-162"/>
            <object_component_ref idref="oc-d9"/>
            <object_component_ref idref="oc-13e"/>
            <object_component_ref idref="oc-138"/>
            <object_component_ref idref="oc-c7"/>
            <object_component_ref idref="oc-cd"/>
            <object_component_ref idref="oc-52"/>
            <object_component_ref idref="oc-95"/>
            <object_component_ref idref="oc-ed"/>
         </contents>
      </logical_group>
      <logical_group id="lg-20d" display="never" color="cyan">
         <name>.debug_pubnames</name>
         <load_address>0x0</load_address>
         <run_address>0x0</run_address>
         <size>0x405</size>
         <contents>
            <object_component_ref idref="oc-d4"/>
            <object_component_ref idref="oc-9b"/>
            <object_component_ref idref="oc-11"/>
            <object_component_ref idref="oc-27"/>
            <object_component_ref idref="oc-1b3"/>
            <object_component_ref idref="oc-14c"/>
            <object_component_ref idref="oc-1ac"/>
            <object_component_ref idref="oc-1a6"/>
            <object_component_ref idref="oc-157"/>
            <object_component_ref idref="oc-145"/>
            <object_component_ref idref="oc-151"/>
            <object_component_ref idref="oc-169"/>
            <object_component_ref idref="oc-15d"/>
            <object_component_ref idref="oc-e0"/>
            <object_component_ref idref="oc-16f"/>
            <object_component_ref idref="oc-e6"/>
            <object_component_ref idref="oc-163"/>
            <object_component_ref idref="oc-da"/>
            <object_component_ref idref="oc-134"/>
            <object_component_ref idref="oc-13f"/>
            <object_component_ref idref="oc-139"/>
            <object_component_ref idref="oc-c8"/>
            <object_component_ref idref="oc-ce"/>
            <object_component_ref idref="oc-23"/>
            <object_component_ref idref="oc-53"/>
            <object_component_ref idref="oc-97"/>
            <object_component_ref idref="oc-ee"/>
         </contents>
      </logical_group>
      <logical_group id="lg-20f" display="never" color="cyan">
         <name>.debug_pubtypes</name>
         <load_address>0x0</load_address>
         <run_address>0x0</run_address>
         <size>0xa05</size>
         <contents>
            <object_component_ref idref="oc-6e"/>
            <object_component_ref idref="oc-b0"/>
            <object_component_ref idref="oc-ab"/>
            <object_component_ref idref="oc-73"/>
            <object_component_ref idref="oc-34"/>
            <object_component_ref idref="oc-12d"/>
            <object_component_ref idref="oc-19a"/>
         </contents>
      </logical_group>
      <load_segment id="lg-21e" display="no" color="cyan">
         <name>SEGMENT_0</name>
         <load_address>0x0</load_address>
         <run_address>0x0</run_address>
         <size>0x964</size>
         <flags>0x5</flags>
         <contents>
            <logical_group_ref idref="lg-3"/>
            <logical_group_ref idref="lg-4"/>
            <logical_group_ref idref="lg-5"/>
         </contents>
      </load_segment>
      <load_segment id="lg-21f" display="no" color="cyan">
         <name>SEGMENT_1</name>
         <run_address>0x20000000</run_address>
         <size>0x320</size>
         <flags>0x6</flags>
         <contents>
            <logical_group_ref idref="lg-d"/>
         </contents>
      </load_segment>
   </logical_group_list>
   <placement_map>
      <memory_area display="yes" color="green">
         <name>FLASH</name>
         <page_id>0x0</page_id>
         <origin>0x0</origin>
         <length>0x40000</length>
         <used_space>0x964</used_space>
         <unused_space>0x3f69c</unused_space>
         <attributes>RX</attributes>
         <usage_details>
            <allocated_space>
               <start_address>0x0</start_address>
               <size>0x26c</size>
               <logical_group_ref idref="lg-3"/>
            </allocated_space>
            <allocated_space>
               <start_address>0x26c</start_address>
               <size>0x5fc</size>
               <logical_group_ref idref="lg-4"/>
            </allocated_space>
            <allocated_space>
               <start_address>0x868</start_address>
               <size>0xfc</size>
               <logical_group_ref idref="lg-5"/>
            </allocated_space>
            <available_space>
               <start_address>0x964</start_address>
               <size>0x3f69c</size>
            </available_space>
         </usage_details>
      </memory_area>
      <memory_area display="yes" color="green">
         <name>SRAM</name>
         <page_id>0x0</page_id>
         <origin>0x20000000</origin>
         <length>0x8000</length>
         <used_space>0x320</used_space>
         <unused_space>0x7ce0</unused_space>
         <attributes>RWX</attributes>
         <usage_details>
            <allocated_space>
               <start_address>0x20000000</start_address>
               <size>0x320</size>
               <logical_group_ref idref="lg-d"/>
            </allocated_space>
            <available_space>
               <start_address>0x20000320</start_address>
               <size>0x7ce0</size>
            </available_space>
         </usage_details>
      </memory_area>
   </placement_map>
   <symbol_table>
      <symbol id="sm-1">
         <name>__STACK_TOP</name>
         <value>0x20000200</value>
      </symbol>
      <symbol id="sm-2">
         <name>binit</name>
         <value>0xffffffff</value>
      </symbol>
      <symbol id="sm-3">
         <name>__binit__</name>
         <value>0xffffffff</value>
      </symbol>
      <symbol id="sm-4">
         <name>__STACK_SIZE</name>
         <value>0x320</value>
      </symbol>
      <symbol id="sm-5">
         <name>__STACK_END</name>
         <value>0x20000320</value>
      </symbol>
      <symbol id="sm-6">
         <name>__c_args__</name>
         <value>0xffffffff</value>
      </symbol>
      <symbol id="sm-7">
         <name>__TI_pprof_out_hndl</name>
         <value>0xffffffff</value>
      </symbol>
      <symbol id="sm-8">
         <name>__TI_prof_data_start</name>
         <value>0xffffffff</value>
      </symbol>
      <symbol id="sm-9">
         <name>__TI_prof_data_size</name>
         <value>0xffffffff</value>
      </symbol>
      <symbol id="sm-a">
         <name>__TI_static_base__</name>
         <value>0x0</value>
      </symbol>
      <symbol id="sm-4c">
         <name>initSPI3</name>
         <value>0x5a5</value>
         <object_component_ref idref="oc-d1"/>
      </symbol>
      <symbol id="sm-5b">
         <name>main</name>
         <value>0x649</value>
         <object_component_ref idref="oc-98"/>
      </symbol>
      <symbol id="sm-7c">
         <name>ResetISR</name>
         <value>0x823</value>
         <object_component_ref idref="oc-24"/>
      </symbol>
      <symbol id="sm-7d">
         <name>g_pfnVectors</name>
         <value>0x0</value>
         <object_component_ref idref="oc-f"/>
      </symbol>
      <symbol id="sm-c5">
         <name>GPIOPinConfigure</name>
         <value>0x695</value>
         <object_component_ref idref="oc-14e"/>
      </symbol>
      <symbol id="sm-c6">
         <name>GPIOPinTypeGPIOOutput</name>
         <value>0x7db</value>
         <object_component_ref idref="oc-142"/>
      </symbol>
      <symbol id="sm-c7">
         <name>GPIODirModeSet</name>
         <value>0x7b1</value>
         <object_component_ref idref="oc-1a8"/>
      </symbol>
      <symbol id="sm-c8">
         <name>GPIOPinWrite</name>
         <value>0x855</value>
         <object_component_ref idref="oc-148"/>
      </symbol>
      <symbol id="sm-c9">
         <name>GPIOPadConfigSet</name>
         <value>0x26d</value>
         <object_component_ref idref="oc-1a2"/>
      </symbol>
      <symbol id="sm-ca">
         <name>GPIOPinTypeSSI</name>
         <value>0x7f3</value>
         <object_component_ref idref="oc-154"/>
      </symbol>
      <symbol id="sm-10c">
         <name>SSIDataPut</name>
         <value>0x82f</value>
         <object_component_ref idref="oc-dd"/>
      </symbol>
      <symbol id="sm-10d">
         <name>SSIDataGet</name>
         <value>0x817</value>
         <object_component_ref idref="oc-e3"/>
      </symbol>
      <symbol id="sm-10e">
         <name>SSIDataGetNonBlocking</name>
         <value>0x805</value>
         <object_component_ref idref="oc-16c"/>
      </symbol>
      <symbol id="sm-10f">
         <name>SSIConfigSetExpClk</name>
         <value>0x6dd</value>
         <object_component_ref idref="oc-160"/>
      </symbol>
      <symbol id="sm-110">
         <name>SSIEnable</name>
         <value>0x843</value>
         <object_component_ref idref="oc-166"/>
      </symbol>
      <symbol id="sm-111">
         <name>SSIBusy</name>
         <value>0x84d</value>
         <object_component_ref idref="oc-d7"/>
      </symbol>
      <symbol id="sm-112">
         <name>SSIDisable</name>
         <value>0x839</value>
         <object_component_ref idref="oc-15a"/>
      </symbol>
      <symbol id="sm-16f">
         <name>SysCtlClockSet</name>
         <value>0x4b1</value>
         <object_component_ref idref="oc-c5"/>
      </symbol>
      <symbol id="sm-170">
         <name>SysCtlDelay</name>
         <value>0x85b</value>
         <object_component_ref idref="oc-12a"/>
      </symbol>
      <symbol id="sm-171">
         <name>SysCtlPeripheralEnable</name>
         <value>0x751</value>
         <object_component_ref idref="oc-136"/>
      </symbol>
      <symbol id="sm-172">
         <name>SysCtlClockGet</name>
         <value>0x3a1</value>
         <object_component_ref idref="oc-cb"/>
      </symbol>
      <symbol id="sm-173">
         <name>SysCtlPeripheralReady</name>
         <value>0x719</value>
         <object_component_ref idref="oc-13c"/>
      </symbol>
      <symbol id="sm-189">
         <name>_c_int00_noinit_noargs</name>
         <value>0x785</value>
         <object_component_ref idref="oc-50"/>
      </symbol>
      <symbol id="sm-18a">
         <name>__stack</name>
         <value>0x20000000</value>
         <object_component_ref idref="oc-21"/>
      </symbol>
      <symbol id="sm-197">
         <name>_system_pre_init</name>
         <value>0x861</value>
         <object_component_ref idref="oc-92"/>
      </symbol>
      <symbol id="sm-1a3">
         <name>C$$EXIT</name>
         <value>0x865</value>
         <object_component_ref idref="oc-ea"/>
      </symbol>
      <symbol id="sm-1a4">
         <name>abort</name>
         <value>0x865</value>
         <object_component_ref idref="oc-ea"/>
      </symbol>
      <symbol id="sm-1a7">
         <name>__mpu_init</name>
         <value>0x0</value>
      </symbol>
   </symbol_table>
   <title>Link successful</title>
</link_info>
